
> lifelink@1.0.0 test
> vitest run eligibility.service.test.js


[1m[30m[46m RUN [49m[39m[22m [36mv4.1.5 [39m[90mC:/Users/ziad/Desktop/graduation project/Graduation-Project[39m

[90mstdout[2m | tests/unit/eligibility.service.test.js
[22m[39mΓùç injected env (16) from .env // tip: Γùê encrypted .env [www.dotenvx.com]

[90mstdout[2m | tests/unit/eligibility.service.test.js[2m > [22m[2mEligibility Service ΓÇö Donation Interval Cooldowns[2m > [22m[2mshould allow donation when no lastDonationDate (first donation)
[22m[39m[2m2026-05-11T22:22:44.711Z[0m [36mDEBUG[0m User pre-save fullName normalization finished {"userId":"6a0256b45cc01fc135d9dac6","durationMs":0.1843}

[90mstdout[2m | tests/unit/eligibility.service.test.js[2m > [22m[2mEligibility Service ΓÇö Donation Interval Cooldowns[2m > [22m[2mshould allow donation when no lastDonationDate (first donation)
[22m[39m[2m2026-05-11T22:22:44.786Z[0m [36mDEBUG[0m User pre-save password hashing finished {"userId":"6a0256b45cc01fc135d9dac6","saltRounds":10,"durationMs":74.1018,"totalHookMs":75.0643}

[90mstdout[2m | tests/unit/eligibility.service.test.js[2m > [22m[2mEligibility Service ΓÇö Donation Interval Cooldowns[2m > [22m[2mshould prevent blood donation before 56 days cooldown expires
[22m[39m[2m2026-05-11T22:22:44.890Z[0m [36mDEBUG[0m User pre-save fullName normalization finished {"userId":"6a0256b45cc01fc135d9dac7","durationMs":0.0445}

[90mstdout[2m | tests/unit/eligibility.service.test.js[2m > [22m[2mEligibility Service ΓÇö Donation Interval Cooldowns[2m > [22m[2mshould prevent blood donation before 56 days cooldown expires
[22m[39m[2m2026-05-11T22:22:44.958Z[0m [36mDEBUG[0m User pre-save password hashing finished {"userId":"6a0256b45cc01fc135d9dac7","saltRounds":10,"durationMs":67.7701,"totalHookMs":67.8957}

[90mstdout[2m | tests/unit/eligibility.service.test.js[2m > [22m[2mEligibility Service ΓÇö Donation Interval Cooldowns[2m > [22m[2mshould allow blood donation after 56 days cooldown expires
[22m[39m[2m2026-05-11T22:22:45.012Z[0m [36mDEBUG[0m User pre-save fullName normalization finished {"userId":"6a0256b55cc01fc135d9dac8","durationMs":0.0803}

[90mstdout[2m | tests/unit/eligibility.service.test.js[2m > [22m[2mEligibility Service ΓÇö Donation Interval Cooldowns[2m > [22m[2mshould allow blood donation after 56 days cooldown expires
[22m[39m[2m2026-05-11T22:22:45.081Z[0m [36mDEBUG[0m User pre-save password hashing finished {"userId":"6a0256b55cc01fc135d9dac8","saltRounds":10,"durationMs":69.2913,"totalHookMs":69.536}

[90mstdout[2m | tests/unit/eligibility.service.test.js[2m > [22m[2mEligibility Service ΓÇö Donation Interval Cooldowns[2m > [22m[2mshould prevent plasma donation before 14 days cooldown expires
[22m[39m[2m2026-05-11T22:22:45.117Z[0m [36mDEBUG[0m User pre-save fullName normalization finished {"userId":"6a0256b55cc01fc135d9dac9","durationMs":0.0398}

[90mstdout[2m | tests/unit/eligibility.service.test.js[2m > [22m[2mEligibility Service ΓÇö Donation Interval Cooldowns[2m > [22m[2mshould prevent plasma donation before 14 days cooldown expires
[22m[39m[2m2026-05-11T22:22:45.180Z[0m [36mDEBUG[0m User pre-save password hashing finished {"userId":"6a0256b55cc01fc135d9dac9","saltRounds":10,"durationMs":62.1612,"totalHookMs":62.2774}

[90mstdout[2m | tests/unit/eligibility.service.test.js[2m > [22m[2mEligibility Service ΓÇö Donation Interval Cooldowns[2m > [22m[2mshould allow plasma donation after 14 days cooldown expires
[22m[39m[2m2026-05-11T22:22:45.194Z[0m [36mDEBUG[0m User pre-save fullName normalization finished {"userId":"6a0256b55cc01fc135d9daca","durationMs":0.0485}

[90mstdout[2m | tests/unit/eligibility.service.test.js[2m > [22m[2mEligibility Service ΓÇö Donation Interval Cooldowns[2m > [22m[2mshould allow plasma donation after 14 days cooldown expires
[22m[39m[2m2026-05-11T22:22:45.255Z[0m [36mDEBUG[0m User pre-save password hashing finished {"userId":"6a0256b55cc01fc135d9daca","saltRounds":10,"durationMs":61.1702,"totalHookMs":61.3326}

[90mstdout[2m | tests/unit/eligibility.service.test.js[2m > [22m[2mEligibility Service ΓÇö Donation Interval Cooldowns[2m > [22m[2mshould prevent platelets donation before 7 days cooldown expires
[22m[39m[2m2026-05-11T22:22:45.270Z[0m [36mDEBUG[0m User pre-save fullName normalization finished {"userId":"6a0256b55cc01fc135d9dacb","durationMs":0.0302}

[90mstdout[2m | tests/unit/eligibility.service.test.js[2m > [22m[2mEligibility Service ΓÇö Donation Interval Cooldowns[2m > [22m[2mshould prevent platelets donation before 7 days cooldown expires
[22m[39m[2m2026-05-11T22:22:45.330Z[0m [36mDEBUG[0m User pre-save password hashing finished {"userId":"6a0256b55cc01fc135d9dacb","saltRounds":10,"durationMs":60.6373,"totalHookMs":60.7329}

[90mstdout[2m | tests/unit/eligibility.service.test.js[2m > [22m[2mEligibility Service ΓÇö Donation Interval Cooldowns[2m > [22m[2mshould allow platelets donation after 7 days cooldown expires
[22m[39m[2m2026-05-11T22:22:45.344Z[0m [36mDEBUG[0m User pre-save fullName normalization finished {"userId":"6a0256b55cc01fc135d9dacc","durationMs":0.0316}

[90mstdout[2m | tests/unit/eligibility.service.test.js[2m > [22m[2mEligibility Service ΓÇö Donation Interval Cooldowns[2m > [22m[2mshould allow platelets donation after 7 days cooldown expires
[22m[39m[2m2026-05-11T22:22:45.405Z[0m [36mDEBUG[0m User pre-save password hashing finished {"userId":"6a0256b55cc01fc135d9dacc","saltRounds":10,"durationMs":60.9924,"totalHookMs":61.0762}

[90mstdout[2m | tests/unit/eligibility.service.test.js[2m > [22m[2mEligibility Service ΓÇö Donation Interval Cooldowns[2m > [22m[2mshould prevent organ donation before 365 days cooldown expires
[22m[39m[2m2026-05-11T22:22:45.418Z[0m [36mDEBUG[0m User pre-save fullName normalization finished {"userId":"6a0256b55cc01fc135d9dacd","durationMs":0.0423}

[90mstdout[2m | tests/unit/eligibility.service.test.js[2m > [22m[2mEligibility Service ΓÇö Donation Interval Cooldowns[2m > [22m[2mshould prevent organ donation before 365 days cooldown expires
[22m[39m[2m2026-05-11T22:22:45.480Z[0m [36mDEBUG[0m User pre-save password hashing finished {"userId":"6a0256b55cc01fc135d9dacd","saltRounds":10,"durationMs":62.0562,"totalHookMs":62.1537}

[90mstdout[2m | tests/unit/eligibility.service.test.js[2m > [22m[2mEligibility Service ΓÇö Donation Interval Cooldowns[2m > [22m[2mshould allow organ donation after 365 days cooldown expires
[22m[39m[2m2026-05-11T22:22:45.494Z[0m [36mDEBUG[0m User pre-save fullName normalization finished {"userId":"6a0256b55cc01fc135d9dace","durationMs":0.0318}

[90mstdout[2m | tests/unit/eligibility.service.test.js[2m > [22m[2mEligibility Service ΓÇö Donation Interval Cooldowns[2m > [22m[2mshould allow organ donation after 365 days cooldown expires
[22m[39m[2m2026-05-11T22:22:45.556Z[0m [36mDEBUG[0m User pre-save password hashing finished {"userId":"6a0256b55cc01fc135d9dace","saltRounds":10,"durationMs":61.6191,"totalHookMs":61.7022}

[90mstdout[2m | tests/unit/eligibility.service.test.js[2m > [22m[2mEligibility Service ΓÇö Donation Interval Cooldowns[2m > [22m[2mshould use blood (56d) cooldown when donationType not specified
[22m[39m[2m2026-05-11T22:22:45.567Z[0m [36mDEBUG[0m User pre-save fullName normalization finished {"userId":"6a0256b55cc01fc135d9dacf","durationMs":0.0478}

[90mstdout[2m | tests/unit/eligibility.service.test.js[2m > [22m[2mEligibility Service ΓÇö Donation Interval Cooldowns[2m > [22m[2mshould use blood (56d) cooldown when donationType not specified
[22m[39m[2m2026-05-11T22:22:45.629Z[0m [36mDEBUG[0m User pre-save password hashing finished {"userId":"6a0256b55cc01fc135d9dacf","saltRounds":10,"durationMs":61.1424,"totalHookMs":61.2466}

[90mstdout[2m | tests/unit/eligibility.service.test.js[2m > [22m[2mEligibility Service ΓÇö Age Restrictions[2m > [22m[2mshould prevent donation for donors under 17
[22m[39m[2m2026-05-11T22:22:45.641Z[0m [36mDEBUG[0m User pre-save fullName normalization finished {"userId":"6a0256b55cc01fc135d9dad0","durationMs":0.0641}

[90mstdout[2m | tests/unit/eligibility.service.test.js[2m > [22m[2mEligibility Service ΓÇö Age Restrictions[2m > [22m[2mshould prevent donation for donors under 17
[22m[39m[2m2026-05-11T22:22:45.703Z[0m [36mDEBUG[0m User pre-save password hashing finished {"userId":"6a0256b55cc01fc135d9dad0","saltRounds":10,"durationMs":61.3201,"totalHookMs":61.4571}

[90mstdout[2m | tests/unit/eligibility.service.test.js[2m > [22m[2mEligibility Service ΓÇö Age Restrictions[2m > [22m[2mshould allow donation for donors 17+
[22m[39m[2m2026-05-11T22:22:45.713Z[0m [36mDEBUG[0m User pre-save fullName normalization finished {"userId":"6a0256b55cc01fc135d9dad1","durationMs":0.0265}

[90mstdout[2m | tests/unit/eligibility.service.test.js[2m > [22m[2mEligibility Service ΓÇö Age Restrictions[2m > [22m[2mshould allow donation for donors 17+
[22m[39m[2m2026-05-11T22:22:45.775Z[0m [36mDEBUG[0m User pre-save password hashing finished {"userId":"6a0256b55cc01fc135d9dad1","saltRounds":10,"durationMs":61.0436,"totalHookMs":61.124}

[90mstdout[2m | tests/unit/eligibility.service.test.js[2m > [22m[2mEligibility Service ΓÇö Temporary Deferrals[2m > [22m[2mshould prevent donation during temporary deferral period
[22m[39m[2m2026-05-11T22:22:45.786Z[0m [36mDEBUG[0m User pre-save fullName normalization finished {"userId":"6a0256b55cc01fc135d9dad2","durationMs":0.0223}

[90mstdout[2m | tests/unit/eligibility.service.test.js[2m > [22m[2mEligibility Service ΓÇö Temporary Deferrals[2m > [22m[2mshould prevent donation during temporary deferral period
[22m[39m[2m2026-05-11T22:22:45.848Z[0m [36mDEBUG[0m User pre-save password hashing finished {"userId":"6a0256b55cc01fc135d9dad2","saltRounds":10,"durationMs":61.3074,"totalHookMs":61.381}

[90mstdout[2m | tests/unit/eligibility.service.test.js[2m > [22m[2mEligibility Service ΓÇö Temporary Deferrals[2m > [22m[2mshould allow donation after temporary deferral expires
[22m[39m[2m2026-05-11T22:22:45.938Z[0m [36mDEBUG[0m User pre-save fullName normalization finished {"userId":"6a0256b55cc01fc135d9dad3","durationMs":0.0244}

[90mstdout[2m | tests/unit/eligibility.service.test.js[2m > [22m[2mEligibility Service ΓÇö Temporary Deferrals[2m > [22m[2mshould allow donation after temporary deferral expires
[22m[39m[2m2026-05-11T22:22:45.999Z[0m [36mDEBUG[0m User pre-save password hashing finished {"userId":"6a0256b55cc01fc135d9dad3","saltRounds":10,"durationMs":61.2737,"totalHookMs":61.3571}

[90mstdout[2m | tests/unit/eligibility.service.test.js[2m > [22m[2mEligibility Service ΓÇö Hemoglobin Levels[2m > [22m[2mshould prevent donation with low hemoglobin (< 12.5)
[22m[39m[2m2026-05-11T22:22:46.013Z[0m [36mDEBUG[0m User pre-save fullName normalization finished {"userId":"6a0256b65cc01fc135d9dad4","durationMs":0.0379}

[90mstdout[2m | tests/unit/eligibility.service.test.js[2m > [22m[2mEligibility Service ΓÇö Hemoglobin Levels[2m > [22m[2mshould prevent donation with low hemoglobin (< 12.5)
[22m[39m[2m2026-05-11T22:22:46.078Z[0m [36mDEBUG[0m User pre-save password hashing finished {"userId":"6a0256b65cc01fc135d9dad4","saltRounds":10,"durationMs":64.0592,"totalHookMs":64.1686}

[90mstdout[2m | tests/unit/eligibility.service.test.js[2m > [22m[2mEligibility Service ΓÇö Hemoglobin Levels[2m > [22m[2mshould allow donation with adequate hemoglobin (>= 12.5)
[22m[39m[2m2026-05-11T22:22:46.092Z[0m [36mDEBUG[0m User pre-save fullName normalization finished {"userId":"6a0256b65cc01fc135d9dad5","durationMs":0.0224}

[90mstdout[2m | tests/unit/eligibility.service.test.js[2m > [22m[2mEligibility Service ΓÇö Hemoglobin Levels[2m > [22m[2mshould allow donation with adequate hemoglobin (>= 12.5)
[22m[39m[2m2026-05-11T22:22:46.154Z[0m [36mDEBUG[0m User pre-save password hashing finished {"userId":"6a0256b65cc01fc135d9dad5","saltRounds":10,"durationMs":61.7179,"totalHookMs":61.8152}

[90mstdout[2m | tests/unit/eligibility.service.test.js[2m > [22m[2mEligibility Service ΓÇö Hemoglobin Levels[2m > [22m[2mshould allow donation when hemoglobin not set
[22m[39m[2m2026-05-11T22:22:46.167Z[0m [36mDEBUG[0m User pre-save fullName normalization finished {"userId":"6a0256b65cc01fc135d9dad6","durationMs":0.0202}

[90mstdout[2m | tests/unit/eligibility.service.test.js[2m > [22m[2mEligibility Service ΓÇö Hemoglobin Levels[2m > [22m[2mshould allow donation when hemoglobin not set
[22m[39m[2m2026-05-11T22:22:46.227Z[0m [36mDEBUG[0m User pre-save password hashing finished {"userId":"6a0256b65cc01fc135d9dad6","saltRounds":10,"durationMs":59.6275,"totalHookMs":59.6967}

[90mstdout[2m | tests/unit/eligibility.service.test.js[2m > [22m[2mEligibility Service ΓÇö Multi-Rule Checks[2m > [22m[2mshould fail if any single rule fails (age too young)
[22m[39m[2m2026-05-11T22:22:46.240Z[0m [36mDEBUG[0m User pre-save fullName normalization finished {"userId":"6a0256b65cc01fc135d9dad7","durationMs":0.0214}

[90mstdout[2m | tests/unit/eligibility.service.test.js[2m > [22m[2mEligibility Service ΓÇö Multi-Rule Checks[2m > [22m[2mshould fail if any single rule fails (age too young)
[22m[39m[2m2026-05-11T22:22:46.301Z[0m [36mDEBUG[0m User pre-save password hashing finished {"userId":"6a0256b65cc01fc135d9dad7","saltRounds":10,"durationMs":61.2454,"totalHookMs":61.3123}

[90mstdout[2m | tests/unit/eligibility.service.test.js[2m > [22m[2mEligibility Service ΓÇö Multi-Rule Checks[2m > [22m[2mshould fail if any single rule fails (cooldown not met)
[22m[39m[2m2026-05-11T22:22:46.313Z[0m [36mDEBUG[0m User pre-save fullName normalization finished {"userId":"6a0256b65cc01fc135d9dad8","durationMs":0.0332}

[90mstdout[2m | tests/unit/eligibility.service.test.js[2m > [22m[2mEligibility Service ΓÇö Multi-Rule Checks[2m > [22m[2mshould fail if any single rule fails (cooldown not met)
[22m[39m[2m2026-05-11T22:22:46.374Z[0m [36mDEBUG[0m User pre-save password hashing finished {"userId":"6a0256b65cc01fc135d9dad8","saltRounds":10,"durationMs":60.0698,"totalHookMs":60.1526}

[90mstdout[2m | tests/unit/eligibility.service.test.js[2m > [22m[2mEligibility Service ΓÇö Multi-Rule Checks[2m > [22m[2mshould pass all checks (fully eligible)
[22m[39m[2m2026-05-11T22:22:46.388Z[0m [36mDEBUG[0m User pre-save fullName normalization finished {"userId":"6a0256b65cc01fc135d9dad9","durationMs":0.0278}

[90mstdout[2m | tests/unit/eligibility.service.test.js[2m > [22m[2mEligibility Service ΓÇö Multi-Rule Checks[2m > [22m[2mshould pass all checks (fully eligible)
[22m[39m[2m2026-05-11T22:22:46.449Z[0m [36mDEBUG[0m User pre-save password hashing finished {"userId":"6a0256b65cc01fc135d9dad9","saltRounds":10,"durationMs":61.6861,"totalHookMs":61.778}

[90mstdout[2m | tests/unit/eligibility.service.test.js[2m > [22m[2mEligibility Service ΓÇö Exact Cooldown Boundaries[2m > [22m[2mshould prevent donation exactly at cooldown boundary (blood 56d)
[22m[39m[2m2026-05-11T22:22:46.465Z[0m [36mDEBUG[0m User pre-save fullName normalization finished {"userId":"6a0256b65cc01fc135d9dada","durationMs":0.0205}

[90mstdout[2m | tests/unit/eligibility.service.test.js[2m > [22m[2mEligibility Service ΓÇö Exact Cooldown Boundaries[2m > [22m[2mshould prevent donation exactly at cooldown boundary (blood 56d)
[22m[39m[2m2026-05-11T22:22:46.527Z[0m [36mDEBUG[0m User pre-save password hashing finished {"userId":"6a0256b65cc01fc135d9dada","saltRounds":10,"durationMs":62.2946,"totalHookMs":62.3612}

[90mstdout[2m | tests/unit/eligibility.service.test.js[2m > [22m[2mEligibility Service ΓÇö Exact Cooldown Boundaries[2m > [22m[2mshould allow donation after cooldown boundary (blood 56d)
[22m[39m[2m2026-05-11T22:22:46.540Z[0m [36mDEBUG[0m User pre-save fullName normalization finished {"userId":"6a0256b65cc01fc135d9dadb","durationMs":0.0206}

[90mstdout[2m | tests/unit/eligibility.service.test.js[2m > [22m[2mEligibility Service ΓÇö Exact Cooldown Boundaries[2m > [22m[2mshould allow donation after cooldown boundary (blood 56d)
[22m[39m[2m2026-05-11T22:22:46.601Z[0m [36mDEBUG[0m User pre-save password hashing finished {"userId":"6a0256b65cc01fc135d9dadb","saltRounds":10,"durationMs":60.8498,"totalHookMs":60.9311}

[90mstdout[2m | tests/unit/eligibility.service.test.js[2m > [22m[2mEligibility Service ΓÇö Exact Cooldown Boundaries[2m > [22m[2mshould return correct nextEligibleDate for plasma (14d)
[22m[39m[2m2026-05-11T22:22:46.615Z[0m [36mDEBUG[0m User pre-save fullName normalization finished {"userId":"6a0256b65cc01fc135d9dadc","durationMs":0.0191}

[90mstdout[2m | tests/unit/eligibility.service.test.js[2m > [22m[2mEligibility Service ΓÇö Exact Cooldown Boundaries[2m > [22m[2mshould return correct nextEligibleDate for plasma (14d)
[22m[39m[2m2026-05-11T22:22:46.676Z[0m [36mDEBUG[0m User pre-save password hashing finished {"userId":"6a0256b65cc01fc135d9dadc","saltRounds":10,"durationMs":60.2238,"totalHookMs":60.2904}

 [31mΓ¥»[39m tests/unit/eligibility.service.test.js [2m([22m[2m23 tests[22m[2m | [22m[31m5 failed[39m[2m)[22m[33m 2867[2mms[22m[39m
[31m     [31m├ù[31m should allow donation when no lastDonationDate (first donation)[39m[32m 187[2mms[22m[39m
     [32mΓ£ô[39m should prevent blood donation before 56 days cooldown expires[32m 121[2mms[22m[39m
[31m     [31m├ù[31m should allow blood donation after 56 days cooldown expires[39m[32m 106[2mms[22m[39m
     [32mΓ£ô[39m should prevent plasma donation before 14 days cooldown expires[32m 76[2mms[22m[39m
[31m     [31m├ù[31m should allow plasma donation after 14 days cooldown expires[39m[32m 76[2mms[22m[39m
     [32mΓ£ô[39m should prevent platelets donation before 7 days cooldown expires[32m 74[2mms[22m[39m
[31m     [31m├ù[31m should allow platelets donation after 7 days cooldown expires[39m[32m 74[2mms[22m[39m
     [32mΓ£ô[39m should prevent organ donation before 365 days cooldown expires[32m 77[2mms[22m[39m
[31m     [31m├ù[31m should allow organ donation after 365 days cooldown expires[39m[32m 73[2mms[22m[39m
     [32mΓ£ô[39m should use blood (56d) cooldown when donationType not specified[32m 74[2mms[22m[39m
     [32mΓ£ô[39m should prevent donation for donors under 17[32m 72[2mms[22m[39m
     [32mΓ£ô[39m should allow donation for donors 17+[32m 73[2mms[22m[39m
     [32mΓ£ô[39m should prevent donation during temporary deferral period[32m 151[2mms[22m[39m
     [32mΓ£ô[39m should allow donation after temporary deferral expires[32m 75[2mms[22m[39m
     [32mΓ£ô[39m should prevent donation with low hemoglobin (< 12.5)[32m 79[2mms[22m[39m
     [32mΓ£ô[39m should allow donation with adequate hemoglobin (>= 12.5)[32m 75[2mms[22m[39m
     [32mΓ£ô[39m should allow donation when hemoglobin not set[32m 73[2mms[22m[39m
     [32mΓ£ô[39m should fail if any single rule fails (age too young)[32m 74[2mms[22m[39m
     [32mΓ£ô[39m should fail if any single rule fails (cooldown not met)[32m 74[2mms[22m[39m
     [32mΓ£ô[39m should pass all checks (fully eligible)[32m 77[2mms[22m[39m
     [32mΓ£ô[39m should prevent donation exactly at cooldown boundary (blood 56d)[32m 76[2mms[22m[39m
     [32mΓ£ô[39m should allow donation after cooldown boundary (blood 56d)[32m 75[2mms[22m[39m
     [32mΓ£ô[39m should return correct nextEligibleDate for plasma (14d)[32m 74[2mms[22m[39m
node.exe : 
At line:1 char:1
+ & "C:\Program Files\nodejs/node.exe" "C:\Users\ziad\AppData\Roaming\n ...
+ ~~~~~~~~~~~~~~~~~~~~~~~~~~~~~~~~~~~~~~~~~~~~~~~~~~~~~~~~~~~~~~~~~~~~~
    + CategoryInfo          : NotSpecified: (:String) [], RemoteException
    + FullyQualifiedErrorId : NativeCommandError
 
[31mΓÄ»ΓÄ»ΓÄ»ΓÄ»ΓÄ»ΓÄ»ΓÄ»[39m[1m[41m Failed Tests 5 
[49m[22m[31mΓÄ»ΓÄ»ΓÄ»ΓÄ»ΓÄ»ΓÄ»ΓÄ»[39m

[41m[1m FAIL [22m[49m tests/unit/eligibility.service.test.js[2m > 
[22mEligibility Service ΓÇö Donation Interval Cooldowns[2m > [22mshould 
allow donation when no lastDonationDate (first donation)
[31m[1mAssertionError[22m: expected 'Donor is eligible' to match /interval 
satisfied/i[39m

[32m- Expected:[39m
/interval satisfied/i

[31m+ Received:[39m
"Donor is eligible"

[36m [2mΓ¥»[22m tests/unit/eligibility.service.test.js:[2m35:27[22m[39m
    [90m 33|[39m
    [90m 34|[39m     [34mexpect[39m(result[33m.[39meligible)[33m.[39m[
34mtoBe[39m([35mtrue[39m)[33m;[39m
    [90m 35|[39m     [34mexpect[39m(result[33m.[39mreason)[33m.[39m[34
mtoMatch[39m([36m/interval satisfied/i[39m)[33m;[39m
    [90m   |[39m                           [31m^[39m
    [90m 36|[39m   })[33m;[39m
    [90m 37|[39m

[31m[2mΓÄ»ΓÄ»ΓÄ»ΓÄ»ΓÄ»ΓÄ»ΓÄ»ΓÄ»ΓÄ»ΓÄ»ΓÄ»ΓÄ»ΓÄ»ΓÄ»ΓÄ»ΓÄ»ΓÄ»ΓÄ»ΓÄ»ΓÄ»ΓÄ»ΓÄ»ΓÄ»Γ
Ä»[1/5]ΓÄ»[22m[39m

[41m[1m FAIL [22m[49m tests/unit/eligibility.service.test.js[2m > 
[22mEligibility Service ΓÇö Donation Interval Cooldowns[2m > [22mshould 
allow blood donation after 56 days cooldown expires
[31m[1mAssertionError[22m: expected 'Donor is eligible' to match /interval 
satisfied/i[39m

[32m- Expected:[39m
/interval satisfied/i

[31m+ Received:[39m
"Donor is eligible"

[36m [2mΓ¥»[22m tests/unit/eligibility.service.test.js:[2m70:27[22m[39m
    [90m 68|[39m
    [90m 69|[39m     [34mexpect[39m(result[33m.[39meligible)[33m.[39m[
34mtoBe[39m([35mtrue[39m)[33m;[39m
    [90m 70|[39m     [34mexpect[39m(result[33m.[39mreason)[33m.[39m[34
mtoMatch[39m([36m/interval satisfied/i[39m)[33m;[39m
    [90m   |[39m                           [31m^[39m
    [90m 71|[39m   })[33m;[39m
    [90m 72|[39m

[31m[2mΓÄ»ΓÄ»ΓÄ»ΓÄ»ΓÄ»ΓÄ»ΓÄ»ΓÄ»ΓÄ»ΓÄ»ΓÄ»ΓÄ»ΓÄ»ΓÄ»ΓÄ»ΓÄ»ΓÄ»ΓÄ»ΓÄ»ΓÄ»ΓÄ»ΓÄ»ΓÄ»Γ
Ä»[2/5]ΓÄ»[22m[39m

[41m[1m FAIL [22m[49m tests/unit/eligibility.service.test.js[2m > 
[22mEligibility Service ΓÇö Donation Interval Cooldowns[2m > [22mshould 
allow plasma donation after 14 days cooldown expires
[31m[1mAssertionError[22m: expected 'Donor is eligible' to match /interval 
satisfied/i[39m

[32m- Expected:[39m
/interval satisfied/i

[31m+ Received:[39m
"Donor is eligible"

[36m [2mΓ¥»[22m tests/unit/eligibility.service.test.js:[2m95:27[22m[39m
    [90m 93|[39m
    [90m 94|[39m     [34mexpect[39m(result[33m.[39meligible)[33m.[39m[
34mtoBe[39m([35mtrue[39m)[33m;[39m
    [90m 95|[39m     [34mexpect[39m(result[33m.[39mreason)[33m.[39m[34
mtoMatch[39m([36m/interval satisfied/i[39m)[33m;[39m
    [90m   |[39m                           [31m^[39m
    [90m 96|[39m   })[33m;[39m
    [90m 97|[39m

[31m[2mΓÄ»ΓÄ»ΓÄ»ΓÄ»ΓÄ»ΓÄ»ΓÄ»ΓÄ»ΓÄ»ΓÄ»ΓÄ»ΓÄ»ΓÄ»ΓÄ»ΓÄ»ΓÄ»ΓÄ»ΓÄ»ΓÄ»ΓÄ»ΓÄ»ΓÄ»ΓÄ»Γ
Ä»[3/5]ΓÄ»[22m[39m

[41m[1m FAIL [22m[49m tests/unit/eligibility.service.test.js[2m > 
[22mEligibility Service ΓÇö Donation Interval Cooldowns[2m > [22mshould 
allow platelets donation after 7 days cooldown expires
[31m[1mAssertionError[22m: expected 'Donor is eligible' to match /interval 
satisfied/i[39m

[32m- Expected:[39m
/interval satisfied/i

[31m+ Received:[39m
"Donor is eligible"

[36m [2mΓ¥»[22m tests/unit/eligibility.service.test.js:[2m120:27[22m[39m
    [90m118|[39m
    [90m119|[39m     [34mexpect[39m(result[33m.[39meligible)[33m.[39m[
34mtoBe[39m([35mtrue[39m)[33m;[39m
    [90m120|[39m     [34mexpect[39m(result[33m.[39mreason)[33m.[39m[34
mtoMatch[39m([36m/interval satisfied/i[39m)[33m;[39m
    [90m   |[39m                           [31m^[39m
    [90m121|[39m   })[33m;[39m
    [90m122|[39m

[31m[2mΓÄ»ΓÄ»ΓÄ»ΓÄ»ΓÄ»ΓÄ»ΓÄ»ΓÄ»ΓÄ»ΓÄ»ΓÄ»ΓÄ»ΓÄ»ΓÄ»ΓÄ»ΓÄ»ΓÄ»ΓÄ»ΓÄ»ΓÄ»ΓÄ»ΓÄ»ΓÄ»Γ
Ä»[4/5]ΓÄ»[22m[39m

[41m[1m FAIL [22m[49m tests/unit/eligibility.service.test.js[2m > 
[22mEligibility Service ΓÇö Donation Interval Cooldowns[2m > [22mshould 
allow organ donation after 365 days cooldown expires
[31m[1mAssertionError[22m: expected 'Donor is eligible' to match /interval 
satisfied/i[39m

[32m- Expected:[39m
/interval satisfied/i

[31m+ Received:[39m
"Donor is eligible"

[36m [2mΓ¥»[22m tests/unit/eligibility.service.test.js:[2m145:27[22m[39m
    [90m143|[39m
    [90m144|[39m     [34mexpect[39m(result[33m.[39meligible)[33m.[39m[
34mtoBe[39m([35mtrue[39m)[33m;[39m
    [90m145|[39m     [34mexpect[39m(result[33m.[39mreason)[33m.[39m[34
mtoMatch[39m([36m/interval satisfied/i[39m)[33m;[39m
    [90m   |[39m                           [31m^[39m
    [90m146|[39m   })[33m;[39m
    [90m147|[39m

[31m[2mΓÄ»ΓÄ»ΓÄ»ΓÄ»ΓÄ»ΓÄ»ΓÄ»ΓÄ»ΓÄ»ΓÄ»ΓÄ»ΓÄ»ΓÄ»ΓÄ»ΓÄ»ΓÄ»ΓÄ»ΓÄ»ΓÄ»ΓÄ»ΓÄ»ΓÄ»ΓÄ»Γ
Ä»[5/5]ΓÄ»[22m[39m


[2m Test Files [22m [1m[31m1 failed[39m[22m[90m (1)[39m
[2m      Tests [22m [1m[31m5 failed[39m[22m[2m | [22m[1m[32m18 passed[39m[22m[90m (23)[39m
[2m   Start at [22m 01:22:43
[2m   Duration [22m 3.58s[2m (transform 107ms, setup 428ms, import 123ms, tests 2.87s, environment 0ms)[22m

